// Jest Snapshot v1, https://goo.gl/fbAQLP

exports[`UpperPanel should correct render 1`] = `
.c0 {
  display: -webkit-box;
  display: -webkit-flex;
  display: -ms-flexbox;
  display: flex;
  -webkit-align-items: center;
  -webkit-box-align: center;
  -ms-flex-align: center;
  align-items: center;
  -webkit-flex-wrap: wrap;
  -ms-flex-wrap: wrap;
  flex-wrap: wrap;
  margin: -5px -5px;
}

<div
  className="c0"
  data-test-id="upper-panel__container"
/>
`;
